// Jest Snapshot v1, https://goo.gl/fbAQLP

exports[`multileveldropdown tests should match snapshot 1`] = `ReactWrapper {}`;
